Copyright 1986-2017 Xilinx, Inc. All Rights Reserved.
-------------------------------------------------------------------------------------------
| Tool Version : Vivado v.2017.4 (win64) Build 2086221 Fri Dec 15 20:55:39 MST 2017
| Date         : Wed Jan  8 15:02:48 2020
| Host         : FUMIMAKER6BEE running 64-bit major release  (build 9200)
| Command      : report_control_sets -verbose -file AXI_BayerToRGB_control_sets_placed.rpt
| Design       : AXI_BayerToRGB
| Device       : xc7z020
-------------------------------------------------------------------------------------------

Control Set Information

Table of Contents
-----------------
1. Summary
2. Flip-Flop Distribution
3. Detailed Control Set Information

1. Summary
----------

+----------------------------------------------------------+-------+
|                          Status                          | Count |
+----------------------------------------------------------+-------+
| Number of unique control sets                            |     8 |
| Unused register locations in slices containing registers |    38 |
+----------------------------------------------------------+-------+


2. Flip-Flop Distribution
-------------------------

+--------------+-----------------------+------------------------+-----------------+--------------+
| Clock Enable | Synchronous Set/Reset | Asynchronous Set/Reset | Total Registers | Total Slices |
+--------------+-----------------------+------------------------+-----------------+--------------+
| No           | No                    | No                     |               3 |            3 |
| No           | No                    | Yes                    |               0 |            0 |
| No           | Yes                   | No                     |               5 |            3 |
| Yes          | No                    | No                     |               0 |            0 |
| Yes          | No                    | Yes                    |               0 |            0 |
| Yes          | Yes                   | No                     |             170 |           47 |
+--------------+-----------------------+------------------------+-----------------+--------------+


3. Detailed Control Set Information
-----------------------------------

+----------------------+-----------------------------+--------------------------+------------------+----------------+
|     Clock Signal     |        Enable Signal        |     Set/Reset Signal     | Slice Load Count | Bel Load Count |
+----------------------+-----------------------------+--------------------------+------------------+----------------+
|  StreamClk_IBUF_BUFG | m_axis_video_tready_IBUF    | sCntRemPixels[1]_i_1_n_0 |                1 |              1 |
|  StreamClk_IBUF_BUFG |                             |                          |                3 |              3 |
|  StreamClk_IBUF_BUFG | sAXIMasterGreen[10]_i_1_n_0 | sCntRemPixels[1]_i_1_n_0 |                1 |              3 |
|  StreamClk_IBUF_BUFG |                             | sCntRemPixels[1]_i_1_n_0 |                3 |              5 |
|  StreamClk_IBUF_BUFG | sLineBufferReadDataBuf      | sCntRemPixels[1]_i_1_n_0 |                3 |             10 |
|  StreamClk_IBUF_BUFG | sOtherPixelsData            | sCntColumns[10]_i_1_n_0  |                3 |             11 |
|  StreamClk_IBUF_BUFG | sOtherPixelsData            | sAXIMasterRed[8]         |                8 |             27 |
|  StreamClk_IBUF_BUFG | sOtherPixelsData            | sCntRemPixels[1]_i_1_n_0 |               31 |            118 |
+----------------------+-----------------------------+--------------------------+------------------+----------------+


+--------+-----------------------+
| Fanout | Number of ControlSets |
+--------+-----------------------+
| 1      |                     1 |
| 3      |                     2 |
| 5      |                     1 |
| 10     |                     1 |
| 11     |                     1 |
| 16+    |                     2 |
+--------+-----------------------+


