#-----------------------------------------------------------
# Vivado v2017.4 (64-bit)
# SW Build 2086221 on Fri Dec 15 20:55:39 MST 2017
# IP Build 2085800 on Fri Dec 15 22:25:07 MST 2017
# Start of session at: Fri Jan 17 23:34:24 2020
# Process ID: 14056
# Current directory: C:/Users/fpga/Documents/Github/Zybo_Pcam/Zybo-Z7-20-pcam-5c-modifyIP2/proj/pcam-5c.tmp/axi_bayertorgb_v1_0_project/AXI_BayerToRGB_v1_0_project.runs/impl_1
# Command line: vivado.exe -log AXI_BayerToRGB.vdi -applog -product Vivado -messageDb vivado.pb -mode batch -source AXI_BayerToRGB.tcl -notrace
# Log file: C:/Users/fpga/Documents/Github/Zybo_Pcam/Zybo-Z7-20-pcam-5c-modifyIP2/proj/pcam-5c.tmp/axi_bayertorgb_v1_0_project/AXI_BayerToRGB_v1_0_project.runs/impl_1/AXI_BayerToRGB.vdi
# Journal file: C:/Users/fpga/Documents/Github/Zybo_Pcam/Zybo-Z7-20-pcam-5c-modifyIP2/proj/pcam-5c.tmp/axi_bayertorgb_v1_0_project/AXI_BayerToRGB_v1_0_project.runs/impl_1\vivado.jou
#-----------------------------------------------------------
source AXI_BayerToRGB.tcl -notrace
