00:19:21 **** Auto Build of configuration Debug for project pcam_vdma_hdmi ****
make pre-build main-build 
a9-linaro-pre-build-step
' '
'Building file: ../src/ov5640/OV5640.cpp'
'Invoking: ARM v7 g++ compiler'
arm-none-eabi-g++ -Wall -O0 -g3 -std=c++11 -c -fmessage-length=0 -MT"src/ov5640/OV5640.o" -mcpu=cortex-a9 -mfpu=vfpv3 -mfloat-abi=hard -I../../pcam_vdma_hdmi_bsp/ps7_cortexa9_0/include -MMD -MP -MF"src/ov5640/OV5640.d" -MT"src/ov5640/OV5640.o" -o "src/ov5640/OV5640.o" "../src/ov5640/OV5640.cpp"
In file included from ../src/ov5640/OV5640.cpp:8:0:
../src/ov5640/OV5640.h:788:4: warning: "/*" within comment [-Wcomment]
    /* Does not work. https://www.xilinx.com/support/answers/64193.html
     
../src/ov5640/OV5640.h: In member function 'void digilent::OV5640::writeConfig(const config_word_t*, size_t)':
../src/ov5640/OV5640.h:989:34: warning: format '%d' expects argument of type 'int', but argument 2 has type 'uint32_t {aka long unsigned int}' [-Wformat=]
   printf("writeConfig = %d\r\n",i);
                                  ^
'Finished building: ../src/ov5640/OV5640.cpp'
' '
'Building file: ../src/main.cc'
'Invoking: ARM v7 g++ compiler'
arm-none-eabi-g++ -Wall -O0 -g3 -std=c++11 -c -fmessage-length=0 -MT"src/main.o" -mcpu=cortex-a9 -mfpu=vfpv3 -mfloat-abi=hard -I../../pcam_vdma_hdmi_bsp/ps7_cortexa9_0/include -MMD -MP -MF"src/main.d" -MT"src/main.o" -o "src/main.o" "../src/main.cc"
In file included from ../src/main.cc:4:0:
../src/ov5640/OV5640.h:788:4: warning: "/*" within comment [-Wcomment]
    /* Does not work. https://www.xilinx.com/support/answers/64193.html
     
../src/ov5640/OV5640.h: In member function 'void digilent::OV5640::writeConfig(const config_word_t*, size_t)':
../src/ov5640/OV5640.h:989:34: warning: format '%d' expects argument of type 'int', but argument 2 has type 'uint32_t {aka long unsigned int}' [-Wformat=]
   printf("writeConfig = %d\r\n",i);
                                  ^
'Finished building: ../src/main.cc'
' '
'Building target: pcam_vdma_hdmi.elf'
'Invoking: ARM v7 g++ linker'
arm-none-eabi-g++ -mcpu=cortex-a9 -mfpu=vfpv3 -mfloat-abi=hard -Wl,-build-id=none -specs=Xilinx.spec -Wl,-T -Wl,../src/lscript.ld -L../../pcam_vdma_hdmi_bsp/ps7_cortexa9_0/lib -o "pcam_vdma_hdmi.elf"  ./src/platform/platform.o  ./src/ov5640/OV5640.o  ./src/main.o   -Wl,--start-group,-lxil,-lgcc,-lc,-lstdc++,--end-group
'Finished building target: pcam_vdma_hdmi.elf'
' '
'Invoking: ARM v7 Print Size'
arm-none-eabi-size pcam_vdma_hdmi.elf  |tee "pcam_vdma_hdmi.elf.size"
   text	   data	    bss	    dec	    hex	filename
 865530	   4660	  30056	 900246	  dbc96	pcam_vdma_hdmi.elf
'Finished building: pcam_vdma_hdmi.elf.size'
' '

00:19:26 Build Finished (took 5s.723ms)

