#-----------------------------------------------------------
# Vivado v2017.4 (64-bit)
# SW Build 2086221 on Fri Dec 15 20:55:39 MST 2017
# IP Build 2085800 on Fri Dec 15 22:25:07 MST 2017
# Start of session at: Sat Jan 11 14:22:45 2020
# Process ID: 3148
# Current directory: C:/Users/fpga/Documents/Github/Zybo_Pcam/Zybo-Z7-20-pcam-5c-modifyIP2/proj
# Command line: vivado.exe -gui_launcher_event rodinguilauncherevent15200 C:\Users\fpga\Documents\Github\Zybo_Pcam\Zybo-Z7-20-pcam-5c-modifyIP2\proj\pcam-5c.xpr
# Log file: C:/Users/fpga/Documents/Github/Zybo_Pcam/Zybo-Z7-20-pcam-5c-modifyIP2/proj/vivado.log
# Journal file: C:/Users/fpga/Documents/Github/Zybo_Pcam/Zybo-Z7-20-pcam-5c-modifyIP2/proj\vivado.jou
#-----------------------------------------------------------
start_gui
open_project C:/Users/fpga/Documents/Github/Zybo_Pcam/Zybo-Z7-20-pcam-5c-modifyIP2/proj/pcam-5c.xpr
update_compile_order -fileset sources_1
update_module_reference system_DVIClocking_0_0
reset_run synth_1
launch_runs impl_1 -to_step write_bitstream -jobs 6
wait_on_run impl_1
open_hw
connect_hw_server
disconnect_hw_server localhost:3121
connect_hw_server
disconnect_hw_server localhost:3121
connect_hw_server
open_hw_target
set_property PROGRAM.FILE {C:/Users/fpga/Documents/Github/Zybo_Pcam/Zybo-Z7-20-pcam-5c-modifyIP2/proj/pcam-5c.runs/impl_1/system_wrapper.bit} [get_hw_devices xc7z020_1]
set_property PROBES.FILE {C:/Users/fpga/Documents/Github/Zybo_Pcam/Zybo-Z7-20-pcam-5c-modifyIP2/proj/pcam-5c.runs/impl_1/system_wrapper.ltx} [get_hw_devices xc7z020_1]
set_property FULL_PROBES.FILE {C:/Users/fpga/Documents/Github/Zybo_Pcam/Zybo-Z7-20-pcam-5c-modifyIP2/proj/pcam-5c.runs/impl_1/system_wrapper.ltx} [get_hw_devices xc7z020_1]
current_hw_device [get_hw_devices xc7z020_1]
refresh_hw_device [lindex [get_hw_devices xc7z020_1] 0]
display_hw_ila_data [ get_hw_ila_data hw_ila_data_1 -of_objects [get_hw_ilas -of_objects [get_hw_devices xc7z020_1] -filter {CELL_NAME=~"system_i/MIPI_CSI_2_RX_0/U0/MIPI_CSI2_Rx_inst/GenerateDebug.ILARxClk"}]]
display_hw_ila_data [ get_hw_ila_data hw_ila_data_2 -of_objects [get_hw_ilas -of_objects [get_hw_devices xc7z020_1] -filter {CELL_NAME=~"system_i/MIPI_CSI_2_RX_0/U0/MIPI_CSI2_Rx_inst/GenerateDebug.ILAVidClk"}]]
display_hw_ila_data [ get_hw_ila_data hw_ila_data_3 -of_objects [get_hw_ilas -of_objects [get_hw_devices xc7z020_1] -filter {CELL_NAME=~"system_i/MIPI_CSI_2_RX_0/U0/MIPI_CSI2_Rx_inst/GenerateDebug.ILA_LaneGen[0].ILARxClk_Lane"}]]
display_hw_ila_data [ get_hw_ila_data hw_ila_data_4 -of_objects [get_hw_ilas -of_objects [get_hw_devices xc7z020_1] -filter {CELL_NAME=~"system_i/MIPI_CSI_2_RX_0/U0/MIPI_CSI2_Rx_inst/GenerateDebug.ILA_LaneGen[1].ILARxClk_Lane"}]]
set_property PROBES.FILE {C:/Users/fpga/Documents/Github/Zybo_Pcam/Zybo-Z7-20-pcam-5c-modifyIP2/proj/pcam-5c.runs/impl_1/system_wrapper.ltx} [get_hw_devices xc7z020_1]
set_property FULL_PROBES.FILE {C:/Users/fpga/Documents/Github/Zybo_Pcam/Zybo-Z7-20-pcam-5c-modifyIP2/proj/pcam-5c.runs/impl_1/system_wrapper.ltx} [get_hw_devices xc7z020_1]
set_property PROGRAM.FILE {C:/Users/fpga/Documents/Github/Zybo_Pcam/Zybo-Z7-20-pcam-5c-modifyIP2/proj/pcam-5c.runs/impl_1/system_wrapper.bit} [get_hw_devices xc7z020_1]
program_hw_devices [get_hw_devices xc7z020_1]
refresh_hw_device [lindex [get_hw_devices xc7z020_1] 0]
launch_sdk -workspace C:/Users/fpga/Documents/Github/Zybo_Pcam/Zybo-Z7-20-pcam-5c-modifyIP2/proj/pcam-5c.sdk -hwspec C:/Users/fpga/Documents/Github/Zybo_Pcam/Zybo-Z7-20-pcam-5c-modifyIP2/proj/pcam-5c.sdk/system_wrapper.hdf
file copy -force C:/Users/fpga/Documents/Github/Zybo_Pcam/Zybo-Z7-20-pcam-5c-modifyIP2/proj/pcam-5c.runs/impl_1/system_wrapper.sysdef C:/Users/fpga/Documents/Github/Zybo_Pcam/Zybo-Z7-20-pcam-5c-modifyIP2/proj/pcam-5c.sdk/system_wrapper.hdf

launch_sdk -workspace C:/Users/fpga/Documents/Github/Zybo_Pcam/Zybo-Z7-20-pcam-5c-modifyIP2/proj/pcam-5c.sdk -hwspec C:/Users/fpga/Documents/Github/Zybo_Pcam/Zybo-Z7-20-pcam-5c-modifyIP2/proj/pcam-5c.sdk/system_wrapper.hdf
ipx::edit_ip_in_project -upgrade true -name AXI_BayerToRGB_v1_0_project -directory C:/Users/fpga/Documents/Github/Zybo_Pcam/Zybo-Z7-20-pcam-5c-modifyIP2/proj/pcam-5c.tmp/AXI_BayerToRGB_v1_0_project c:/Users/fpga/Documents/Github/Zybo_Pcam/Zybo-Z7-20-pcam-5c-modifyIP2/repo/local/ip/AXI_BayerToRGB/component.xml
update_compile_order -fileset sources_1
save_wave_config {C:/Users/fpga/Documents/Github/Zybo_Pcam/Zybo-Z7-20-pcam-5c-modifyIP2/proj/pcam-5c.hw/hw_1/wave/hw_ila_data_1/hw_ila_data_1.wcfg}
save_wave_config {C:/Users/fpga/Documents/Github/Zybo_Pcam/Zybo-Z7-20-pcam-5c-modifyIP2/proj/pcam-5c.hw/hw_1/wave/hw_ila_data_2/hw_ila_data_2.wcfg}
save_wave_config {C:/Users/fpga/Documents/Github/Zybo_Pcam/Zybo-Z7-20-pcam-5c-modifyIP2/proj/pcam-5c.hw/hw_1/wave/hw_ila_data_3/hw_ila_data_3.wcfg}
save_wave_config {C:/Users/fpga/Documents/Github/Zybo_Pcam/Zybo-Z7-20-pcam-5c-modifyIP2/proj/pcam-5c.hw/hw_1/wave/hw_ila_data_4/hw_ila_data_4.wcfg}
close_hw
current_project pcam-5c
close_project
